// Vitest Snapshot v1, https://vitest.dev/guide/snapshot.html

exports[`remark-npm2yarn > should convert to tabs 1`] = `
""use strict";
const {jsx: _jsx, jsxs: _jsxs} = arguments[0];
const title = "";
const metadata = {};
function useTOC(props) {
  return [];
}
function _createMdxContent(props) {
  const _components = {
    code: "code",
    pre: "pre",
    span: "span",
    ...props.components
  }, {$Tabs} = _components;
  if (!$Tabs) _missingMdxReference("$Tabs", true);
  if (!$Tabs.Tab) _missingMdxReference("$Tabs.Tab", true);
  return _jsxs($Tabs, {
    items: ["npm", "pnpm", "yarn", "bun"],
    storageKey: "testKey",
    children: [_jsx($Tabs.Tab, {
      children: _jsx(_components.pre, {
        tabIndex: "0",
        "data-language": "sh",
        "data-word-wrap": "",
        "data-filename": "Terminal",
        "data-pagefind-ignore": "all",
        children: _jsx(_components.code, {
          children: _jsxs(_components.span, {
            children: [_jsx(_components.span, {
              style: {
                "--shiki-light": "#6F42C1",
                "--shiki-dark": "#B392F0"
              },
              children: "npm"
            }), _jsx(_components.span, {
              style: {
                "--shiki-light": "#032F62",
                "--shiki-dark": "#9ECBFF"
              },
              children: " i"
            }), _jsx(_components.span, {
              style: {
                "--shiki-light": "#005CC5",
                "--shiki-dark": "#79B8FF"
              },
              children: " -D"
            }), _jsx(_components.span, {
              style: {
                "--shiki-light": "#032F62",
                "--shiki-dark": "#9ECBFF"
              },
              children: " @graphql-eslint/eslint-plugin"
            })]
          })
        })
      })
    }), _jsx($Tabs.Tab, {
      children: _jsx(_components.pre, {
        tabIndex: "0",
        "data-language": "sh",
        "data-word-wrap": "",
        "data-filename": "Terminal",
        "data-pagefind-ignore": "all",
        children: _jsx(_components.code, {
          children: _jsxs(_components.span, {
            children: [_jsx(_components.span, {
              style: {
                "--shiki-light": "#6F42C1",
                "--shiki-dark": "#B392F0"
              },
              children: "pnpm"
            }), _jsx(_components.span, {
              style: {
                "--shiki-light": "#032F62",
                "--shiki-dark": "#9ECBFF"
              },
              children: " add"
            }), _jsx(_components.span, {
              style: {
                "--shiki-light": "#005CC5",
                "--shiki-dark": "#79B8FF"
              },
              children: " -D"
            }), _jsx(_components.span, {
              style: {
                "--shiki-light": "#032F62",
                "--shiki-dark": "#9ECBFF"
              },
              children: " @graphql-eslint/eslint-plugin"
            })]
          })
        })
      })
    }), _jsx($Tabs.Tab, {
      children: _jsx(_components.pre, {
        tabIndex: "0",
        "data-language": "sh",
        "data-word-wrap": "",
        "data-filename": "Terminal",
        "data-pagefind-ignore": "all",
        children: _jsx(_components.code, {
          children: _jsxs(_components.span, {
            children: [_jsx(_components.span, {
              style: {
                "--shiki-light": "#6F42C1",
                "--shiki-dark": "#B392F0"
              },
              children: "yarn"
            }), _jsx(_components.span, {
              style: {
                "--shiki-light": "#032F62",
                "--shiki-dark": "#9ECBFF"
              },
              children: " add"
            }), _jsx(_components.span, {
              style: {
                "--shiki-light": "#005CC5",
                "--shiki-dark": "#79B8FF"
              },
              children: " --dev"
            }), _jsx(_components.span, {
              style: {
                "--shiki-light": "#032F62",
                "--shiki-dark": "#9ECBFF"
              },
              children: " @graphql-eslint/eslint-plugin"
            })]
          })
        })
      })
    }), _jsx($Tabs.Tab, {
      children: _jsx(_components.pre, {
        tabIndex: "0",
        "data-language": "sh",
        "data-word-wrap": "",
        "data-filename": "Terminal",
        "data-pagefind-ignore": "all",
        children: _jsx(_components.code, {
          children: _jsxs(_components.span, {
            children: [_jsx(_components.span, {
              style: {
                "--shiki-light": "#6F42C1",
                "--shiki-dark": "#B392F0"
              },
              children: "bun"
            }), _jsx(_components.span, {
              style: {
                "--shiki-light": "#032F62",
                "--shiki-dark": "#9ECBFF"
              },
              children: " add"
            }), _jsx(_components.span, {
              style: {
                "--shiki-light": "#005CC5",
                "--shiki-dark": "#79B8FF"
              },
              children: " --dev"
            }), _jsx(_components.span, {
              style: {
                "--shiki-light": "#032F62",
                "--shiki-dark": "#9ECBFF"
              },
              children: " @graphql-eslint/eslint-plugin"
            })]
          })
        })
      })
    })]
  });
}
return {
  title,
  metadata,
  useTOC,
  default: _createMdxContent
};
function _missingMdxReference(id, component) {
  throw new Error("Expected " + (component ? "component" : "object") + " \`" + id + "\` to be defined: you likely forgot to import, pass, or provide it.");
}
"
`;
